{"v1":7444,"v2":3601.3,"v3":135,"v4":135,"v5":81,"v6":7200,"v7":61.3,"v8":10,"v9":6.6,"v10":6.3}
