{"x":10,"d 1":122,"d 2":3661,"s":"abcd","v":[23,3602,"alt\b <\/tag>","alt\f <\/tag>","alt; <\/tag>"]}
