{"a":"b","c d":"the \nbrow\nfox\n...\n","e":[1,2,3],"f":{"a":"b","c":"d"}}
