{"1970-01-01T00:00:00+00:00":"test","t0":[0,0,0,0,0,0,0,0,0,0,0,0,0,0,0],"t1":[86400,60,3600,3661,122,61.123,3661.123456,3661,0]}
