qjson: invalid numeric expression at line 1 col 11
